#! /c/Source/iverilog-install/bin/vvp
:ivl_version "12.0 (devel)" "(s20150603-1110-g18392a46)";
:ivl_delay_selection "TYPICAL";
:vpi_time_precision + 0;
:vpi_module "C:\iverilog\lib\ivl\system.vpi";
:vpi_module "C:\iverilog\lib\ivl\vhdl_sys.vpi";
:vpi_module "C:\iverilog\lib\ivl\vhdl_textio.vpi";
:vpi_module "C:\iverilog\lib\ivl\v2005_math.vpi";
:vpi_module "C:\iverilog\lib\ivl\va_math.vpi";
S_000001b197982d00 .scope module, "operators" "operators" 2 1;
 .timescale 0 0;
    .port_info 0 /OUTPUT 1 "out";
    .port_info 1 /INPUT 1 "A";
    .port_info 2 /INPUT 1 "B";
o000001b1979b6e58 .functor BUFZ 1, C4<z>; HiZ drive
o000001b1979b6e88 .functor BUFZ 1, C4<z>; HiZ drive
L_000001b197983530 .functor AND 1, o000001b1979b6e58, o000001b1979b6e88, C4<1>, C4<1>;
v000001b1979837f0_0 .net "A", 0 0, o000001b1979b6e58;  0 drivers
v000001b197982e90_0 .net "B", 0 0, o000001b1979b6e88;  0 drivers
v000001b197982f30_0 .net "out", 0 0, L_000001b197983530;  1 drivers
# The file index is used to find the file name in the following table.
:file_names 3;
    "N/A";
    "<interactive>";
    "operator.v";
